2026-08-27 04:43:09.798: [INFO] CurrentProfilePath: E:\java\.metadata\.plugins\org.eclipse.swt\EBWebView\Default
2026-08-27 04:43:09.798: [INFO] Profiles total count: 1
2026-08-27 04:43:09.798: [INFO] Profile: name=プロファイル 1 path=E:\java\.metadata\.plugins\org.eclipse.swt\EBWebView\Default lastActive=null
2026-08-27 04:43:09.798: [INFO] LastUsedProfileDir: E:\java\.metadata\.plugins\org.eclipse.swt\EBWebView\Default
2026-08-27 04:43:09.798: [INFO] OnDoneLoading sync enabled: 0
2026-08-27 04:43:09.798: [INFO] BookmarkModelLoaded, ids_reassigned: 0
2026-08-27 04:43:09.798: [INFO] BookmarksLoadDropped droppedNodes=0
2026-08-27 04:43:09.798: [INFO] BookmarksSnapshot Startup total=0 bar=0 other=0 mobile=0 showBar=0 showBarNTP=1
2026-08-27 04:46:46.099: [INFO] BookmarksSnapshot Shutdown total=0 bar=0 other=0 mobile=0 showBar=0 showBarNTP=1
2026-08-27 04:46:48.481: [INFO] CurrentProfilePath: E:\java\.metadata\.plugins\org.eclipse.swt\EBWebView\Default
2026-08-27 04:46:48.481: [INFO] Profiles total count: 1
2026-08-27 04:46:48.481: [INFO] Profile: name=プロファイル 1 path=E:\java\.metadata\.plugins\org.eclipse.swt\EBWebView\Default lastActive=null
2026-08-27 04:46:48.481: [INFO] LastUsedProfileDir: E:\java\.metadata\.plugins\org.eclipse.swt\EBWebView\Default
2026-08-27 04:46:48.481: [INFO] OnDoneLoading sync enabled: 0
2026-08-27 04:46:48.481: [INFO] BookmarkModelLoaded, ids_reassigned: 0
2026-08-27 04:46:48.481: [INFO] BookmarksLoadDropped droppedNodes=0
2026-08-27 04:46:48.481: [INFO] BookmarksSnapshot Startup total=0 bar=0 other=0 mobile=0 showBar=0 showBarNTP=1
2026-08-27 04:48:14.540: [INFO] BookmarksSnapshot Shutdown total=0 bar=0 other=0 mobile=0 showBar=0 showBarNTP=1
2026-08-27 04:48:30.606: [INFO] CurrentProfilePath: E:\java\.metadata\.plugins\org.eclipse.swt\EBWebView\Default
2026-08-27 04:48:30.606: [INFO] Profiles total count: 1
2026-08-27 04:48:30.606: [INFO] Profile: name=プロファイル 1 path=E:\java\.metadata\.plugins\org.eclipse.swt\EBWebView\Default lastActive=null
2026-08-27 04:48:30.607: [INFO] LastUsedProfileDir: E:\java\.metadata\.plugins\org.eclipse.swt\EBWebView\Default
2026-08-27 04:48:30.607: [INFO] OnDoneLoading sync enabled: 0
2026-08-27 04:48:30.607: [INFO] BookmarkModelLoaded, ids_reassigned: 0
2026-08-27 04:48:30.607: [INFO] BookmarksLoadDropped droppedNodes=0
2026-08-27 04:48:30.607: [INFO] BookmarksSnapshot Startup total=0 bar=0 other=0 mobile=0 showBar=0 showBarNTP=1
2026-08-27 04:48:40.203: [INFO] BookmarksSnapshot Shutdown total=0 bar=0 other=0 mobile=0 showBar=0 showBarNTP=1
